// Jest Snapshot v1, https://goo.gl/fbAQLP

exports[`Component: DataGrid renders properly 1`] = `
<Provider
  store={
    Object {
      "clearActions": [Function],
      "dispatch": [Function],
      "getActions": [Function],
      "getState": [Function],
      "replaceReducer": [Function],
      "subscribe": [Function],
    }
  }
>
  <Connect(DataGrid)
    dispatch={[Function]}
    rowData={Array []}
  >
    <DataGrid
      dispatch={[Function]}
      rowData={Array []}
    >
      <div
        id="omrsGrid"
        style={
          Object {
            "height": "600px",
          }
        }
      >
        <label>
          Search:
          <input
            onChange={[Function]}
            type="text"
          />
        </label>
        <AgGridReact
          animateRows={true}
          enableSorting={true}
          id="omrsGrid"
          onGridReady={[Function]}
          onSelectionChanged={[Function]}
          rowClassRules="rowClassRules"
          rowData={Array []}
          rowDataChanged={[Function]}
          rowSelection="single"
        >
          <div
            style={
              Object {
                "height": "100%",
              }
            }
          />
        </AgGridReact>
      </div>
    </DataGrid>
  </Connect(DataGrid)>
</Provider>
`;
