// Jest Snapshot v1, https://goo.gl/fbAQLP

exports[`Component: CheckBox renders properly 1`] = `
<div>
  <div
    className="checkbox"
    style={undefined}
  >
    <label
      title=""
    >
      <input
        checked={false}
        disabled={false}
        onChange={[Function]}
        type="checkbox"
      />
      
    </label>
  </div>
</div>
`;
