// Jest Snapshot v1, https://goo.gl/fbAQLP

exports[`Component: Loader renders properly 1`] = `
<div
  className="custom-loader"
>
  <div />
  <div />
  <div />
  <div />
  <div />
  <div />
  <div />
  <div />
  <div />
  <div />
  <div />
  <div />
</div>
`;
